Java HotSpot(TM) 64-Bit Server VM (25.102-b14) for bsd-amd64 JRE (1.8.0_102-b14), built on Jun 22 2016 11:42:36 by "java_re" with gcc 4.2.1 (Based on Apple Inc. build 5658) (LLVM build 2336.11.00)
Memory: 4k page, physical 8388608k(831540k free)

/proc/meminfo:

CommandLine flags: -XX:+ExplicitGCInvokesConcurrent -XX:GCLogFileSize=104857600 -XX:InitialHeapSize=1073741824 -XX:InitiatingHeapOccupancyPercent=35 -XX:+ManagementServer -XX:MaxGCPauseMillis=20 -XX:MaxHeapSize=1073741824 -XX:NumberOfGCLogFiles=10 -XX:+PrintGC -XX:+PrintGCDateStamps -XX:+PrintGCDetails -XX:+PrintGCTimeStamps -XX:+UseCompressedClassPointers -XX:+UseCompressedOops -XX:+UseG1GC -XX:+UseGCLogFileRotation 
2018-08-12T13:37:55.221+0800: 11.715: [GC pause (G1 Evacuation Pause) (young), 0.0126609 secs]
   [Parallel Time: 6.3 ms, GC Workers: 4]
      [GC Worker Start (ms): Min: 11714.9, Avg: 11714.9, Max: 11714.9, Diff: 0.0]
      [Ext Root Scanning (ms): Min: 0.6, Avg: 1.0, Max: 1.8, Diff: 1.2, Sum: 3.9]
      [Update RS (ms): Min: 0.0, Avg: 0.0, Max: 0.0, Diff: 0.0, Sum: 0.0]
         [Processed Buffers: Min: 0, Avg: 0.0, Max: 0, Diff: 0, Sum: 0]
      [Scan RS (ms): Min: 0.0, Avg: 0.0, Max: 0.0, Diff: 0.0, Sum: 0.0]
      [Code Root Scanning (ms): Min: 0.0, Avg: 0.3, Max: 0.6, Diff: 0.6, Sum: 1.1]
      [Object Copy (ms): Min: 4.5, Avg: 5.0, Max: 5.4, Diff: 0.9, Sum: 19.9]
      [Termination (ms): Min: 0.0, Avg: 0.0, Max: 0.0, Diff: 0.0, Sum: 0.0]
         [Termination Attempts: Min: 1, Avg: 4.8, Max: 7, Diff: 6, Sum: 19]
      [GC Worker Other (ms): Min: 0.0, Avg: 0.0, Max: 0.0, Diff: 0.0, Sum: 0.1]
      [GC Worker Total (ms): Min: 6.2, Avg: 6.3, Max: 6.3, Diff: 0.0, Sum: 25.0]
      [GC Worker End (ms): Min: 11721.1, Avg: 11721.1, Max: 11721.1, Diff: 0.0]
   [Code Root Fixup: 0.3 ms]
   [Code Root Purge: 0.1 ms]
   [Clear CT: 0.1 ms]
   [Other: 5.9 ms]
      [Choose CSet: 0.0 ms]
      [Ref Proc: 5.6 ms]
      [Ref Enq: 0.0 ms]
      [Redirty Cards: 0.1 ms]
      [Humongous Register: 0.0 ms]
      [Humongous Reclaim: 0.0 ms]
      [Free CSet: 0.1 ms]
   [Eden: 51.0M(51.0M)->0.0B(44.0M) Survivors: 0.0B->7168.0K Heap: 51.0M(1024.0M)->9387.0K(1024.0M)]
 [Times: user=0.02 sys=0.01, real=0.01 secs] 
2018-08-12T13:37:55.454+0800: 11.948: [GC pause (Metadata GC Threshold) (young) (initial-mark), 0.0077872 secs]
   [Parallel Time: 5.8 ms, GC Workers: 4]
      [GC Worker Start (ms): Min: 11947.9, Avg: 11947.9, Max: 11947.9, Diff: 0.0]
      [Ext Root Scanning (ms): Min: 1.3, Avg: 1.6, Max: 1.8, Diff: 0.5, Sum: 6.3]
      [Update RS (ms): Min: 0.0, Avg: 0.1, Max: 0.3, Diff: 0.3, Sum: 0.5]
         [Processed Buffers: Min: 0, Avg: 0.5, Max: 1, Diff: 1, Sum: 2]
      [Scan RS (ms): Min: 0.0, Avg: 0.0, Max: 0.0, Diff: 0.0, Sum: 0.1]
      [Code Root Scanning (ms): Min: 0.0, Avg: 0.4, Max: 1.4, Diff: 1.4, Sum: 1.5]
      [Object Copy (ms): Min: 2.4, Avg: 3.5, Max: 4.3, Diff: 1.9, Sum: 14.1]
      [Termination (ms): Min: 0.0, Avg: 0.0, Max: 0.0, Diff: 0.0, Sum: 0.0]
         [Termination Attempts: Min: 1, Avg: 2.5, Max: 4, Diff: 3, Sum: 10]
      [GC Worker Other (ms): Min: 0.0, Avg: 0.0, Max: 0.0, Diff: 0.0, Sum: 0.1]
      [GC Worker Total (ms): Min: 5.6, Avg: 5.6, Max: 5.7, Diff: 0.0, Sum: 22.6]
      [GC Worker End (ms): Min: 11953.5, Avg: 11953.5, Max: 11953.6, Diff: 0.0]
   [Code Root Fixup: 0.2 ms]
   [Code Root Purge: 0.0 ms]
   [Clear CT: 0.1 ms]
   [Other: 1.6 ms]
      [Choose CSet: 0.0 ms]
      [Ref Proc: 1.1 ms]
      [Ref Enq: 0.0 ms]
      [Redirty Cards: 0.1 ms]
      [Humongous Register: 0.0 ms]
      [Humongous Reclaim: 0.0 ms]
      [Free CSet: 0.1 ms]
   [Eden: 14.0M(44.0M)->0.0B(44.0M) Survivors: 7168.0K->7168.0K Heap: 23.2M(1024.0M)->9872.5K(1024.0M)]
 [Times: user=0.02 sys=0.00, real=0.01 secs] 
2018-08-12T13:37:55.462+0800: 11.956: [GC concurrent-root-region-scan-start]
2018-08-12T13:37:55.467+0800: 11.961: [GC concurrent-root-region-scan-end, 0.0052463 secs]
2018-08-12T13:37:55.467+0800: 11.961: [GC concurrent-mark-start]
2018-08-12T13:37:55.467+0800: 11.961: [GC concurrent-mark-end, 0.0001715 secs]
2018-08-12T13:37:55.468+0800: 11.961: [GC remark 2018-08-12T13:37:55.468+0800: 11.961: [Finalize Marking, 0.0000866 secs] 2018-08-12T13:37:55.468+0800: 11.961: [GC ref-proc, 0.0000638 secs] 2018-08-12T13:37:55.468+0800: 11.961: [Unloading, 0.0032053 secs], 0.0035575 secs]
 [Times: user=0.01 sys=0.00, real=0.01 secs] 
2018-08-12T13:37:55.471+0800: 11.965: [GC cleanup 10M->8778K(1024M), 0.0008067 secs]
 [Times: user=0.01 sys=0.00, real=0.00 secs] 
2018-08-12T13:37:55.472+0800: 11.966: [GC concurrent-cleanup-start]
2018-08-12T13:37:55.472+0800: 11.966: [GC concurrent-cleanup-end, 0.0000114 secs]
2018-08-12T13:38:01.474+0800: 17.967: [GC pause (G1 Evacuation Pause) (young), 0.0133092 secs]
   [Parallel Time: 9.8 ms, GC Workers: 4]
      [GC Worker Start (ms): Min: 17967.3, Avg: 17967.4, Max: 17967.4, Diff: 0.0]
      [Ext Root Scanning (ms): Min: 0.7, Avg: 1.2, Max: 2.2, Diff: 1.5, Sum: 4.7]
      [Update RS (ms): Min: 0.0, Avg: 0.0, Max: 0.1, Diff: 0.1, Sum: 0.1]
         [Processed Buffers: Min: 0, Avg: 0.8, Max: 3, Diff: 3, Sum: 3]
      [Scan RS (ms): Min: 0.0, Avg: 0.0, Max: 0.0, Diff: 0.0, Sum: 0.0]
      [Code Root Scanning (ms): Min: 0.0, Avg: 0.6, Max: 1.2, Diff: 1.2, Sum: 2.6]
      [Object Copy (ms): Min: 7.5, Avg: 7.8, Max: 8.3, Diff: 0.8, Sum: 31.3]
      [Termination (ms): Min: 0.0, Avg: 0.0, Max: 0.0, Diff: 0.0, Sum: 0.0]
         [Termination Attempts: Min: 1, Avg: 4.8, Max: 9, Diff: 8, Sum: 19]
      [GC Worker Other (ms): Min: 0.0, Avg: 0.0, Max: 0.0, Diff: 0.0, Sum: 0.1]
      [GC Worker Total (ms): Min: 9.7, Avg: 9.7, Max: 9.7, Diff: 0.0, Sum: 38.8]
      [GC Worker End (ms): Min: 17977.0, Avg: 17977.0, Max: 17977.0, Diff: 0.0]
   [Code Root Fixup: 0.5 ms]
   [Code Root Purge: 0.1 ms]
   [Clear CT: 0.1 ms]
   [Other: 2.9 ms]
      [Choose CSet: 0.0 ms]
      [Ref Proc: 2.2 ms]
      [Ref Enq: 0.0 ms]
      [Redirty Cards: 0.1 ms]
      [Humongous Register: 0.0 ms]
      [Humongous Reclaim: 0.0 ms]
      [Free CSet: 0.3 ms]
   [Eden: 44.0M(44.0M)->0.0B(44.0M) Survivors: 7168.0K->7168.0K Heap: 179.6M(1024.0M)->140.3M(1024.0M)]
 [Times: user=0.04 sys=0.01, real=0.01 secs] 
